2025-10-04 21:05:29 [INFO]: Request: POST /api/v1/auth/login 
2025-10-04 21:05:29 [WARN]: Failed login attempt for email: orucowmura@gmail.com IP: ::1 
2025-10-04 21:06:03 [INFO]: Request: POST /api/v1/auth/login 
2025-10-04 21:06:03 [INFO]: User logged in: orucowmurad@gmail.com IP: ::1 
2025-10-04 21:06:24 [INFO]: Request: POST /api/v1/auth/login 
2025-10-04 21:06:24 [WARN]: Failed login attempt for email: orucowmurad@gmail.com IP: ::1 
2025-10-07 19:14:57 [INFO]: Request: POST /api/v1/auth/login 
2025-10-07 19:14:57 [WARN]: Failed login attempt for email: orucowmurad@gmail.com IP: ::1 
2025-10-07 19:55:59 [INFO]: Request: POST /api/v1/auth/login 
2025-10-07 19:55:59 [INFO]: User logged in: orucowmurad@gmail.com IP: ::1 
2025-10-07 20:07:02 [INFO]: Request: POST /api/v1/auth/login 
2025-10-07 20:07:02 [INFO]: User logged in: orucowmurad@gmail.com IP: ::1 
2025-10-07 20:47:37 [INFO]: Request: POST /api/v1/auth/login 
2025-10-07 20:47:37 [INFO]: User logged in: orucowmurad@gmail.com IP: ::1 
2025-10-07 20:49:28 [INFO]: Request: POST /api/v1/auth/login 
2025-10-07 20:49:28 [INFO]: User logged in: orucowmurad@gmail.com IP: ::1 
2025-10-14 19:33:55 [INFO]: Request: POST /api/v1/auth/login 
2025-10-14 19:33:56 [INFO]: User logged in: orucowmurad@gmail.com IP: ::1 
2025-10-14 19:35:24 [INFO]: Request: POST /api/v1/auth/login 
2025-10-14 19:35:24 [WARN]: Failed login attempt for email: murad.orujov007@gmail.com IP: ::1 
2025-10-14 19:37:04 [INFO]: Request: POST /api/v1/auth/login 
2025-10-14 19:37:04 [INFO]: User logged in: murad.orujov007@gmail.com IP: ::1 
2025-10-14 19:44:26 [INFO]: Request: POST /api/v1/auth/login 
2025-10-14 19:44:27 [INFO]: User logged in: orucowmurad@gmail.com IP: ::1 
2025-10-14 19:45:39 [INFO]: Request: POST /api/v1/auth/login 
2025-10-14 19:45:39 [WARN]: Failed login attempt for email: murad.po@code.edu.az IP: ::1 
2025-10-14 19:48:34 [INFO]: Request: POST /api/v1/auth/login 
2025-10-14 19:48:34 [INFO]: User logged in: murad.orujov007@gmail.com IP: ::1 
2025-10-14 20:21:17 [INFO]: Request: POST /api/v1/auth/login 
2025-10-14 20:21:17 [INFO]: User logged in: orucowmurad@gmail.com IP: ::1 
2025-10-14 20:24:34 [INFO]: Request: POST /api/v1/auth/login 
2025-10-14 20:24:34 [WARN]: Failed login attempt for email: murad.po@code.edu.az IP: ::1 
2025-10-14 20:24:56 [INFO]: Request: POST /api/v1/auth/login 
2025-10-14 20:24:56 [WARN]: Failed login attempt for email: murad.po@code.edu.az IP: ::1 
2025-10-14 20:25:52 [INFO]: Request: POST /api/v1/auth/login 
2025-10-14 20:25:52 [WARN]: Failed login attempt for email: murad.po@code.edu.az IP: ::1 
2025-10-14 20:26:07 [INFO]: Request: POST /api/v1/auth/login 
2025-10-14 20:26:07 [INFO]: User logged in: orucowmurad@gmail.com IP: ::1 
2025-10-14 20:27:07 [INFO]: Request: POST /api/v1/auth/login 
2025-10-14 20:27:07 [INFO]: User logged in: murad.po@code.edu.az IP: ::1 
2025-10-17 17:33:34 [INFO]: Request: POST /api/v1/auth/login 
2025-10-17 17:33:34 [WARN]: Failed login attempt for email: sypacygyh@mailinator.com IP: ::1 
2025-10-17 17:33:39 [INFO]: Request: POST /api/v1/auth/login 
2025-10-17 17:33:40 [WARN]: Failed login attempt for email: dazylutaga@mailinator.com IP: ::1 
2025-10-17 17:34:05 [INFO]: Request: POST /api/v1/auth/login 
2025-10-17 17:34:05 [WARN]: Failed login attempt for email: jewog@mailinator.com IP: ::1 
2025-10-17 17:35:04 [INFO]: Request: POST /api/v1/auth/login 
2025-10-17 17:35:04 [WARN]: Failed login attempt for email: wavaviqir@mailinator.com IP: ::1 
2025-10-17 17:35:43 [INFO]: Request: POST /api/v1/auth/login 
2025-10-17 17:35:43 [WARN]: Failed login attempt for email: kocakekiny@mailinator.com IP: ::1 
2025-10-17 17:36:49 [INFO]: Request: POST /api/v1/auth/login 
2025-10-17 17:36:49 [WARN]: Failed login attempt for email: fetoc@mailinator.com IP: ::1 
2025-10-17 17:37:17 [INFO]: Request: POST /api/v1/auth/login 
2025-10-17 17:37:18 [WARN]: Failed login attempt for email: zuker@mailinator.com IP: ::1 
2025-10-17 17:42:27 [INFO]: Request: POST /api/v1/auth/login 
2025-10-17 17:43:21 [INFO]: Request: POST /api/v1/auth/login 
2025-10-17 17:43:35 [INFO]: Request: POST /api/v1/auth/login 
2025-10-17 17:44:15 [INFO]: Request: POST /api/v1/auth/login 
2025-10-17 17:55:46 [INFO]: Request: POST /api/v1/auth/login 
2025-10-17 17:56:26 [INFO]: Request: POST /api/v1/auth/login 
2025-10-17 17:56:41 [INFO]: Request: POST /api/v1/auth/login 
2025-10-17 17:57:26 [INFO]: Request: POST /api/v1/auth/login 
2025-10-17 19:03:53 [INFO]: Request: POST /api/v1/auth/login 
2025-10-17 19:03:53 [WARN]: Failed login attempt for email: orucowmurad@gmail.com IP: ::1 
2025-10-17 19:05:28 [INFO]: Request: POST /api/v1/auth/login 
2025-10-17 19:05:28 [INFO]: User logged in: murad.po@code.edu.az IP: ::1 
2025-10-17 19:08:57 [INFO]: Request: POST /api/v1/auth/login 
2025-10-17 19:08:58 [INFO]: User logged in: orucowmurad@gmail.com IP: ::1 
2025-10-17 19:22:56 [INFO]: Request: POST /api/v1/auth/login 
2025-10-17 19:22:57 [INFO]: User logged in: orucowmurad@gmail.com IP: ::1 
2025-10-17 19:24:06 [INFO]: Request: POST /api/v1/auth/login 
2025-10-17 19:24:07 [INFO]: User logged in: orucowmurad@gmail.com IP: ::1 
2025-10-17 19:24:14 [INFO]: Request: POST /api/v1/auth/login 
2025-10-17 19:24:14 [INFO]: User logged in: orucowmurad@gmail.com IP: ::1 
2025-10-17 19:24:14 [INFO]: Request: POST /api/v1/auth/login 
2025-10-17 19:24:14 [INFO]: User logged in: orucowmurad@gmail.com IP: ::1 
2025-10-17 19:24:16 [INFO]: Request: POST /api/v1/auth/login 
2025-10-17 19:24:17 [INFO]: User logged in: orucowmurad@gmail.com IP: ::1 
2025-10-17 19:24:17 [INFO]: Request: POST /api/v1/auth/login 
2025-10-17 19:24:17 [INFO]: Request: POST /api/v1/auth/login 
2025-10-17 19:24:17 [INFO]: Request: POST /api/v1/auth/login 
2025-10-17 19:24:17 [INFO]: Request: POST /api/v1/auth/login 
2025-10-17 19:24:17 [INFO]: Request: POST /api/v1/auth/login 
2025-10-17 19:24:17 [INFO]: Request: POST /api/v1/auth/login 
2025-10-17 19:24:18 [INFO]: User logged in: orucowmurad@gmail.com IP: ::1 
2025-10-17 19:24:18 [INFO]: Request: POST /api/v1/auth/login 
2025-10-17 19:24:18 [INFO]: User logged in: orucowmurad@gmail.com IP: ::1 
2025-10-17 19:24:18 [INFO]: Request: POST /api/v1/auth/login 
2025-10-17 19:24:18 [INFO]: User logged in: orucowmurad@gmail.com IP: ::1 
2025-10-17 19:24:18 [INFO]: User logged in: orucowmurad@gmail.com IP: ::1 
2025-10-17 19:24:18 [INFO]: Request: POST /api/v1/auth/login 
2025-10-17 19:24:18 [INFO]: Request: POST /api/v1/auth/login 
2025-10-17 19:24:18 [INFO]: User logged in: orucowmurad@gmail.com IP: ::1 
2025-10-17 19:24:18 [INFO]: Request: POST /api/v1/auth/login 
2025-10-17 19:24:18 [INFO]: User logged in: orucowmurad@gmail.com IP: ::1 
2025-10-17 19:24:18 [INFO]: User logged in: orucowmurad@gmail.com IP: ::1 
2025-10-17 19:24:18 [INFO]: Request: POST /api/v1/auth/login 
2025-10-17 19:24:18 [INFO]: Request: POST /api/v1/auth/login 
2025-10-17 19:24:18 [INFO]: User logged in: orucowmurad@gmail.com IP: ::1 
2025-10-17 19:24:18 [INFO]: Request: POST /api/v1/auth/login 
2025-10-17 19:24:18 [INFO]: User logged in: orucowmurad@gmail.com IP: ::1 
2025-10-17 19:24:18 [INFO]: Request: POST /api/v1/auth/login 
2025-10-17 19:24:18 [INFO]: User logged in: orucowmurad@gmail.com IP: ::1 
2025-10-17 19:24:18 [INFO]: Request: POST /api/v1/auth/login 
2025-10-17 19:24:18 [INFO]: User logged in: orucowmurad@gmail.com IP: ::1 
2025-10-17 19:24:18 [INFO]: Request: POST /api/v1/auth/login 
2025-10-17 19:24:18 [INFO]: User logged in: orucowmurad@gmail.com IP: ::1 
2025-10-17 19:24:18 [INFO]: Request: POST /api/v1/auth/login 
2025-10-17 19:24:18 [INFO]: User logged in: orucowmurad@gmail.com IP: ::1 
2025-10-17 19:24:18 [INFO]: Request: POST /api/v1/auth/login 
2025-10-17 19:24:19 [INFO]: User logged in: orucowmurad@gmail.com IP: ::1 
2025-10-17 19:24:19 [INFO]: Request: POST /api/v1/auth/login 
2025-10-17 19:24:19 [INFO]: User logged in: orucowmurad@gmail.com IP: ::1 
2025-10-17 19:24:19 [INFO]: User logged in: orucowmurad@gmail.com IP: ::1 
2025-10-17 19:24:19 [INFO]: User logged in: orucowmurad@gmail.com IP: ::1 
2025-10-17 19:24:19 [INFO]: Request: POST /api/v1/auth/login 
2025-10-17 19:24:19 [INFO]: Request: POST /api/v1/auth/login 
2025-10-17 19:24:19 [INFO]: Request: POST /api/v1/auth/login 
2025-10-17 19:24:19 [INFO]: User logged in: orucowmurad@gmail.com IP: ::1 
2025-10-17 19:24:19 [INFO]: Request: POST /api/v1/auth/login 
2025-10-17 19:24:19 [INFO]: User logged in: orucowmurad@gmail.com IP: ::1 
2025-10-17 19:24:19 [INFO]: User logged in: orucowmurad@gmail.com IP: ::1 
2025-10-17 19:24:19 [INFO]: User logged in: orucowmurad@gmail.com IP: ::1 
2025-10-17 19:24:19 [INFO]: Request: POST /api/v1/auth/login 
2025-10-17 19:24:19 [INFO]: Request: POST /api/v1/auth/login 
2025-10-17 19:24:19 [INFO]: Request: POST /api/v1/auth/login 
2025-10-17 19:24:19 [INFO]: User logged in: orucowmurad@gmail.com IP: ::1 
2025-10-17 19:24:19 [INFO]: User logged in: orucowmurad@gmail.com IP: ::1 
2025-10-17 19:24:19 [INFO]: Request: POST /api/v1/auth/login 
2025-10-17 19:24:19 [INFO]: Request: POST /api/v1/auth/login 
2025-10-17 19:24:19 [INFO]: User logged in: orucowmurad@gmail.com IP: ::1 
2025-10-17 19:24:19 [INFO]: Request: POST /api/v1/auth/login 
2025-10-17 19:24:19 [INFO]: User logged in: orucowmurad@gmail.com IP: ::1 
2025-10-17 19:24:19 [INFO]: User logged in: orucowmurad@gmail.com IP: ::1 
2025-10-17 19:24:19 [INFO]: User logged in: orucowmurad@gmail.com IP: ::1 
2025-10-17 19:24:19 [INFO]: Request: POST /api/v1/auth/login 
2025-10-17 19:24:19 [INFO]: Request: POST /api/v1/auth/login 
2025-10-17 19:24:19 [INFO]: Request: POST /api/v1/auth/login 
2025-10-17 19:24:19 [INFO]: User logged in: orucowmurad@gmail.com IP: ::1 
2025-10-17 19:24:19 [INFO]: User logged in: orucowmurad@gmail.com IP: ::1 
2025-10-17 19:24:19 [INFO]: Request: POST /api/v1/auth/login 
2025-10-17 19:24:19 [INFO]: Request: POST /api/v1/auth/login 
2025-10-17 19:24:20 [INFO]: User logged in: orucowmurad@gmail.com IP: ::1 
2025-10-17 19:24:20 [INFO]: Request: POST /api/v1/auth/login 
2025-10-17 19:24:20 [INFO]: User logged in: orucowmurad@gmail.com IP: ::1 
2025-10-17 19:24:20 [INFO]: User logged in: orucowmurad@gmail.com IP: ::1 
2025-10-17 19:24:20 [INFO]: User logged in: orucowmurad@gmail.com IP: ::1 
2025-10-17 19:24:20 [INFO]: User logged in: orucowmurad@gmail.com IP: ::1 
2025-10-17 19:24:20 [INFO]: User logged in: orucowmurad@gmail.com IP: ::1 
2025-10-17 19:24:20 [INFO]: User logged in: orucowmurad@gmail.com IP: ::1 
2025-10-17 19:24:20 [INFO]: Request: POST /api/v1/auth/login 
2025-10-17 19:24:20 [INFO]: Request: POST /api/v1/auth/login 
2025-10-17 19:24:20 [INFO]: Request: POST /api/v1/auth/login 
2025-10-17 19:24:20 [INFO]: Request: POST /api/v1/auth/login 
2025-10-17 19:24:20 [INFO]: Request: POST /api/v1/auth/login 
2025-10-17 19:24:20 [INFO]: Request: POST /api/v1/auth/login 
2025-10-17 19:24:20 [INFO]: User logged in: orucowmurad@gmail.com IP: ::1 
2025-10-17 19:24:20 [INFO]: User logged in: orucowmurad@gmail.com IP: ::1 
2025-10-17 19:24:20 [INFO]: User logged in: orucowmurad@gmail.com IP: ::1 
2025-10-17 19:24:20 [INFO]: User logged in: orucowmurad@gmail.com IP: ::1 
2025-10-17 19:24:20 [INFO]: Request: POST /api/v1/auth/login 
2025-10-17 19:24:20 [INFO]: Request: POST /api/v1/auth/login 
2025-10-17 19:24:20 [INFO]: Request: POST /api/v1/auth/login 
2025-10-17 19:24:20 [INFO]: Request: POST /api/v1/auth/login 
2025-10-17 19:24:20 [INFO]: User logged in: orucowmurad@gmail.com IP: ::1 
2025-10-17 19:24:20 [INFO]: User logged in: orucowmurad@gmail.com IP: ::1 
2025-10-17 19:24:20 [INFO]: Request: POST /api/v1/auth/login 
2025-10-17 19:24:20 [INFO]: Request: POST /api/v1/auth/login 
2025-10-17 19:24:21 [INFO]: User logged in: orucowmurad@gmail.com IP: ::1 
2025-10-17 19:24:21 [INFO]: User logged in: orucowmurad@gmail.com IP: ::1 
2025-10-17 19:24:21 [INFO]: User logged in: orucowmurad@gmail.com IP: ::1 
2025-10-17 19:24:21 [INFO]: User logged in: orucowmurad@gmail.com IP: ::1 
2025-10-17 19:24:21 [INFO]: User logged in: orucowmurad@gmail.com IP: ::1 
2025-10-17 19:24:21 [INFO]: User logged in: orucowmurad@gmail.com IP: ::1 
2025-10-17 19:24:21 [INFO]: Request: POST /api/v1/auth/login 
2025-10-17 19:24:21 [INFO]: Request: POST /api/v1/auth/login 
2025-10-17 19:24:21 [INFO]: Request: POST /api/v1/auth/login 
2025-10-17 19:24:21 [INFO]: Request: POST /api/v1/auth/login 
2025-10-17 19:24:21 [INFO]: Request: POST /api/v1/auth/login 
2025-10-17 19:24:21 [INFO]: Request: POST /api/v1/auth/login 
2025-10-17 19:24:21 [INFO]: User logged in: orucowmurad@gmail.com IP: ::1 
2025-10-17 19:24:21 [INFO]: User logged in: orucowmurad@gmail.com IP: ::1 
2025-10-17 19:24:21 [INFO]: User logged in: orucowmurad@gmail.com IP: ::1 
2025-10-17 19:24:21 [INFO]: User logged in: orucowmurad@gmail.com IP: ::1 
2025-10-17 19:24:21 [INFO]: Request: POST /api/v1/auth/login 
2025-10-17 19:24:21 [INFO]: Request: POST /api/v1/auth/login 
2025-10-17 19:24:21 [INFO]: Request: POST /api/v1/auth/login 
2025-10-17 19:24:21 [INFO]: Request: POST /api/v1/auth/login 
2025-10-17 19:24:21 [INFO]: User logged in: orucowmurad@gmail.com IP: ::1 
2025-10-17 19:24:21 [INFO]: User logged in: orucowmurad@gmail.com IP: ::1 
2025-10-17 19:24:21 [INFO]: Request: POST /api/v1/auth/login 
2025-10-17 19:24:21 [INFO]: Request: POST /api/v1/auth/login 
2025-10-17 19:24:22 [INFO]: User logged in: orucowmurad@gmail.com IP: ::1 
2025-10-17 19:24:22 [INFO]: Request: POST /api/v1/auth/login 
2025-10-17 19:24:22 [INFO]: User logged in: orucowmurad@gmail.com IP: ::1 
2025-10-17 19:24:22 [INFO]: User logged in: orucowmurad@gmail.com IP: ::1 
2025-10-17 19:24:22 [INFO]: User logged in: orucowmurad@gmail.com IP: ::1 
2025-10-17 19:24:22 [INFO]: User logged in: orucowmurad@gmail.com IP: ::1 
2025-10-17 19:24:22 [INFO]: User logged in: orucowmurad@gmail.com IP: ::1 
2025-10-17 19:24:22 [INFO]: User logged in: orucowmurad@gmail.com IP: ::1 
2025-10-17 19:28:02 [INFO]: Request: POST /api/v1/auth/login 
2025-10-17 19:28:03 [INFO]: User logged in: orucowmurad@gmail.com IP: ::1 
2025-10-17 19:28:15 [INFO]: Request: POST /api/v1/auth/login 
2025-10-17 19:28:15 [INFO]: User logged in: orucowmurad@gmail.com IP: ::1 
2025-10-17 19:28:23 [INFO]: Request: POST /api/v1/auth/login 
2025-10-17 19:28:23 [INFO]: User logged in: orucowmurad@gmail.com IP: ::1 
2025-10-17 19:30:01 [INFO]: Request: POST /api/v1/auth/login 
2025-10-17 19:30:01 [INFO]: User logged in: orucowmurad@gmail.com IP: ::1 
2025-10-17 19:30:49 [INFO]: Request: POST /api/v1/auth/login 
2025-10-17 19:30:49 [INFO]: User logged in: orucowmurad@gmail.com IP: ::1 
